      Step     Time          Energy          fmax
FIRE:    0 00:53:30    -1032.139609        3.008829
FIRE:    1 00:53:32    -1034.923890        1.189966
FIRE:    2 00:53:33    -1035.411831        1.131558
FIRE:    3 00:53:34    -1035.550928        0.999608
FIRE:    4 00:53:35    -1035.754856        0.768615
FIRE:    5 00:53:36    -1035.921324        0.490754
FIRE:    6 00:53:37    -1035.989694        0.457416
FIRE:    7 00:53:37    -1035.996481        0.692688
FIRE:    8 00:53:38    -1036.008642        0.661424
FIRE:    9 00:53:39    -1036.030886        0.601129
FIRE:   10 00:53:40    -1036.059667        0.516390
FIRE:   11 00:53:41    -1036.090221        0.413962
FIRE:   12 00:53:42    -1036.118627        0.302866
FIRE:   13 00:53:43    -1036.141819        0.212459
FIRE:   14 00:53:44    -1036.158801        0.198694
FIRE:   15 00:53:45    -1036.171819        0.220723
FIRE:   16 00:53:46    -1036.183539        0.248098
FIRE:   17 00:53:47    -1036.198586        0.288511
FIRE:   18 00:53:48    -1036.221467        0.321951
FIRE:   19 00:53:49    -1036.254490        0.307566
FIRE:   20 00:53:50    -1036.294113        0.238104
FIRE:   21 00:53:51    -1036.331207        0.133611
FIRE:   22 00:53:52    -1036.357195        0.180999
FIRE:   23 00:53:53    -1036.377553        0.259332
FIRE:   24 00:53:54    -1036.406520        0.271858
FIRE:   25 00:53:55    -1036.443167        0.153301
FIRE:   26 00:53:57    -1036.466389        0.160857
FIRE:   27 00:53:57    -1036.483428        0.264531
FIRE:   28 00:53:58    -1036.518744        0.165645
FIRE:   29 00:53:59    -1036.549514        0.172840
FIRE:   30 00:54:00    -1036.584175        0.234965
FIRE:   31 00:54:01    -1036.638639        0.119968
FIRE:   32 00:54:02    -1036.683057        0.202043
FIRE:   33 00:54:03    -1036.741094        0.150852
FIRE:   34 00:54:04    -1036.776687        0.277669
FIRE:   35 00:54:05    -1036.779922        0.709551
FIRE:   36 00:54:06    -1036.826092        0.125049
FIRE:   37 00:54:07    -1036.806058        0.670873
FIRE:   38 00:54:08    -1036.819765        0.494862
FIRE:   39 00:54:09    -1036.834717        0.190691
FIRE:   40 00:54:10    -1036.838565        0.152389
FIRE:   41 00:54:11    -1036.838928        0.142657
FIRE:   42 00:54:12    -1036.839532        0.123776
FIRE:   43 00:54:13    -1036.840376        0.097111
      Step     Time          Energy          fmax
FIRE:    0 00:54:15    -1030.433247        3.096500
FIRE:    1 00:54:16    -1033.135122        1.067020
FIRE:    2 00:54:17    -1033.490145        1.211089
FIRE:    3 00:54:17    -1033.644472        1.060927
FIRE:    4 00:54:18    -1033.869218        0.783714
FIRE:    5 00:54:19    -1034.047559        0.430436
FIRE:    6 00:54:20    -1034.113107        0.484919
FIRE:    7 00:54:21    -1034.119711        0.475954
FIRE:    8 00:54:22    -1034.132308        0.459305
FIRE:    9 00:54:23    -1034.149555        0.437619
FIRE:   10 00:54:24    -1034.170107        0.414519
FIRE:   11 00:54:25    -1034.192376        0.394137
FIRE:   12 00:54:26    -1034.215380        0.380037
FIRE:   13 00:54:27    -1034.238145        0.373796
FIRE:   14 00:54:28    -1034.263379        0.374509
FIRE:   15 00:54:29    -1034.291659        0.379402
FIRE:   16 00:54:29    -1034.324423        0.382426
FIRE:   17 00:54:31    -1034.363483        0.376601
FIRE:   18 00:54:31    -1034.409439        0.357336
FIRE:   19 00:54:32    -1034.460958        0.326499
FIRE:   20 00:54:33    -1034.515157        0.295294
FIRE:   21 00:54:34    -1034.570200        0.275733
FIRE:   22 00:54:35    -1034.628828        0.260119
FIRE:   23 00:54:36    -1034.694415        0.234914
FIRE:   24 00:54:37    -1034.762992        0.218923
FIRE:   25 00:54:38    -1034.829537        0.227101
FIRE:   26 00:54:39    -1034.900647        0.215726
FIRE:   27 00:54:40    -1034.979497        0.187554
FIRE:   28 00:54:41    -1035.061564        0.181999
FIRE:   29 00:54:42    -1035.154973        0.168311
FIRE:   30 00:54:43    -1035.247353        0.198179
FIRE:   31 00:54:44    -1035.347065        0.133424
FIRE:   32 00:54:45    -1035.438630        0.150841
FIRE:   33 00:54:46    -1035.513327        0.179578
FIRE:   34 00:54:47    -1035.587139        0.231187
FIRE:   35 00:54:47    -1035.644660        0.469475
FIRE:   36 00:54:48    -1035.671762        0.113960
FIRE:   37 00:54:49    -1035.662586        0.433501
FIRE:   38 00:54:50    -1035.672666        0.312856
FIRE:   39 00:54:51    -1035.683432        0.116834
FIRE:   40 00:54:52    -1035.686468        0.128552
FIRE:   41 00:54:53    -1035.686829        0.121905
FIRE:   42 00:54:54    -1035.687674        0.109160
FIRE:   43 00:54:55    -1035.688756        0.101524
FIRE:   44 00:54:56    -1035.689955        0.100789
FIRE:   45 00:54:57    -1035.691268        0.099949
      Step     Time          Energy          fmax
FIRE:    0 00:54:58    -1030.589054        3.015561
FIRE:    1 00:54:59    -1033.386259        1.268123
FIRE:    2 00:55:00    -1033.895942        1.177016
FIRE:    3 00:55:01    -1034.035406        1.031063
FIRE:    4 00:55:02    -1034.239680        0.761492
FIRE:    5 00:55:03    -1034.405698        0.527988
FIRE:    6 00:55:04    -1034.473579        0.427359
FIRE:    7 00:55:05    -1034.479151        0.676207
FIRE:    8 00:55:06    -1034.491142        0.644791
FIRE:    9 00:55:07    -1034.513170        0.584352
FIRE:   10 00:55:08    -1034.541695        0.500439
FIRE:   11 00:55:09    -1034.572073        0.398362
FIRE:   12 00:55:10    -1034.600271        0.285959
FIRE:   13 00:55:11    -1034.623221        0.206584
FIRE:   14 00:55:12    -1034.640055        0.220470
FIRE:   15 00:55:13    -1034.652879        0.242413
FIRE:   16 00:55:14    -1034.664247        0.251131
FIRE:   17 00:55:15    -1034.679041        0.278400
FIRE:   18 00:55:16    -1034.701654        0.308054
FIRE:   19 00:55:17    -1034.734400        0.287974
FIRE:   20 00:55:18    -1034.773977        0.211056
FIRE:   21 00:55:18    -1034.810854        0.123629
FIRE:   22 00:55:19    -1034.835902        0.161147
FIRE:   23 00:55:20    -1034.854398        0.235801
FIRE:   24 00:55:21    -1034.880916        0.246182
FIRE:   25 00:55:22    -1034.912918        0.126921
FIRE:   26 00:55:23    -1034.928509        0.144418
FIRE:   27 00:55:24    -1034.930394        0.130684
FIRE:   28 00:55:25    -1034.933673        0.106090
FIRE:   29 00:55:26    -1034.937493        0.084088
      Step     Time          Energy          fmax
FIRE:    0 00:55:27    -1029.817985        3.029686
FIRE:    1 00:55:28    -1032.585159        1.083591
FIRE:    2 00:55:29    -1033.146444        1.222535
FIRE:    3 00:55:30    -1033.313660        1.067315
FIRE:    4 00:55:31    -1033.565614        0.811955
FIRE:    5 00:55:32    -1033.792034        0.790889
FIRE:    6 00:55:33    -1033.933439        0.733337
FIRE:    7 00:55:34    -1034.022630        0.758522
FIRE:    8 00:55:35    -1034.135798        0.817256
FIRE:    9 00:55:36    -1034.300786        0.656038
FIRE:   10 00:55:37    -1034.492341        0.514669
FIRE:   11 00:55:38    -1034.626551        0.525296
FIRE:   12 00:55:39    -1034.697175        0.526557
FIRE:   13 00:55:40    -1034.809538        0.592375
FIRE:   14 00:55:41    -1035.005014        0.433206
FIRE:   15 00:55:41    -1035.146842        0.405008
FIRE:   16 00:55:42    -1035.223166        0.593477
FIRE:   17 00:55:44    -1035.408972        0.262429
FIRE:   18 00:55:45    -1035.512469        0.492090
FIRE:   19 00:55:45    -1035.541724        0.383799
FIRE:   20 00:55:46    -1035.579510        0.199329
FIRE:   21 00:55:47    -1035.603297        0.191982
FIRE:   22 00:55:48    -1035.613661        0.251257
FIRE:   23 00:55:49    -1035.629198        0.297807
FIRE:   24 00:55:50    -1035.659072        0.244234
FIRE:   25 00:55:51    -1035.693022        0.170308
FIRE:   26 00:55:52    -1035.719019        0.180777
FIRE:   27 00:55:53    -1035.735897        0.259091
FIRE:   28 00:55:54    -1035.762418        0.231859
FIRE:   29 00:55:55    -1035.801360        0.147440
FIRE:   30 00:55:56    -1035.824329        0.170635
FIRE:   31 00:55:57    -1035.847108        0.250231
FIRE:   32 00:55:58    -1035.886716        0.153002
FIRE:   33 00:55:59    -1035.913723        0.199565
FIRE:   34 00:56:00    -1035.963497        0.118209
FIRE:   35 00:56:01    -1035.993607        0.222516
FIRE:   36 00:56:02    -1036.045101        0.276293
FIRE:   37 00:56:03    -1036.061448        0.701259
FIRE:   38 00:56:04    -1036.096859        0.091935
      Step     Time          Energy          fmax
FIRE:    0 00:56:05    -1029.796493        2.918761
FIRE:    1 00:56:06    -1032.576223        1.252341
FIRE:    2 00:56:07    -1033.077941        1.150856
FIRE:    3 00:56:08    -1033.222144        1.007523
FIRE:    4 00:56:09    -1033.431865        0.748596
FIRE:    5 00:56:10    -1033.602049        0.527934
FIRE:    6 00:56:11    -1033.674640        0.464933
FIRE:    7 00:56:12    -1033.687779        0.732784
FIRE:    8 00:56:13    -1033.700364        0.699367
FIRE:    9 00:56:14    -1033.723582        0.635040
FIRE:   10 00:56:15    -1033.753647        0.544752
FIRE:   11 00:56:16    -1033.785791        0.435689
FIRE:   12 00:56:16    -1033.815980        0.316919
FIRE:   13 00:56:17    -1033.841152        0.236210
FIRE:   14 00:56:18    -1033.860196        0.232403
FIRE:   15 00:56:19    -1033.875813        0.257641
FIRE:   16 00:56:20    -1033.890548        0.269353
FIRE:   17 00:56:21    -1033.909037        0.285736
FIRE:   18 00:56:22    -1033.936278        0.307477
FIRE:   19 00:56:23    -1033.974332        0.290965
FIRE:   20 00:56:24    -1034.019636        0.229025
FIRE:   21 00:56:25    -1034.062405        0.159277
FIRE:   22 00:56:26    -1034.093730        0.170241
FIRE:   23 00:56:27    -1034.119384        0.232665
FIRE:   24 00:56:28    -1034.153223        0.210991
FIRE:   25 00:56:29    -1034.192355        0.121932
FIRE:   26 00:56:30    -1034.215093        0.158884
FIRE:   27 00:56:31    -1034.232351        0.254306
FIRE:   28 00:56:32    -1034.268443        0.166164
FIRE:   29 00:56:33    -1034.300982        0.183351
FIRE:   30 00:56:34    -1034.342232        0.208387
FIRE:   31 00:56:35    -1034.406406        0.123195
FIRE:   32 00:56:36    -1034.463294        0.218217
FIRE:   33 00:56:37    -1034.532852        0.186010
FIRE:   34 00:56:38    -1034.580025        0.385720
FIRE:   35 00:56:39    -1034.580034        0.995429
FIRE:   36 00:56:40    -1034.650405        0.121339
FIRE:   37 00:56:41    -1034.613404        0.928033
FIRE:   38 00:56:42    -1034.636488        0.686534
FIRE:   39 00:56:43    -1034.661533        0.266798
FIRE:   40 00:56:43    -1034.666783        0.220853
FIRE:   41 00:56:44    -1034.667368        0.206701
FIRE:   42 00:56:46    -1034.668413        0.179375
FIRE:   43 00:56:47    -1034.669796        0.140939
FIRE:   44 00:56:48    -1034.671396        0.101202
FIRE:   45 00:56:49    -1034.672845        0.100874
FIRE:   46 00:56:51    -1034.674383        0.100534
FIRE:   47 00:56:52    -1034.675893        0.100191
FIRE:   48 00:56:53    -1034.677714        0.099838
      Step     Time          Energy          fmax
FIRE:    0 00:56:54    -1026.851822        3.508514
FIRE:    1 00:56:56    -1030.693990        2.483101
FIRE:    2 00:56:57    -1032.436075        1.736868
FIRE:    3 00:56:58    -1032.913648        1.265873
FIRE:    4 00:56:59    -1033.167002        1.131773
FIRE:    5 00:57:01    -1033.546046        1.068363
FIRE:    6 00:57:02    -1033.871256        0.994219
FIRE:    7 00:57:03    -1034.033799        0.920608
FIRE:    8 00:57:05    -1034.090923        0.857902
FIRE:    9 00:57:06    -1034.114543        0.844516
FIRE:   10 00:57:07    -1034.158116        0.827120
FIRE:   11 00:57:08    -1034.214796        0.802221
FIRE:   12 00:57:10    -1034.276507        0.771122
FIRE:   13 00:57:11    -1034.335783        0.735454
FIRE:   14 00:57:12    -1034.387225        0.697133
FIRE:   15 00:57:14    -1034.429088        0.658403
FIRE:   16 00:57:15    -1034.466856        0.617957
FIRE:   17 00:57:16    -1034.504847        0.578549
FIRE:   18 00:57:17    -1034.551660        0.541388
FIRE:   19 00:57:19    -1034.615518        0.504563
FIRE:   20 00:57:20    -1034.700001        0.463186
FIRE:   21 00:57:21    -1034.797680        0.410876
FIRE:   22 00:57:22    -1034.890352        0.342747
FIRE:   23 00:57:24    -1034.962511        0.266882
FIRE:   24 00:57:25    -1035.024528        0.357181
FIRE:   25 00:57:26    -1035.099054        0.300854
FIRE:   26 00:57:28    -1035.175631        0.241518
FIRE:   27 00:57:29    -1035.222939        0.232398
FIRE:   28 00:57:30    -1035.265862        0.291787
FIRE:   29 00:57:31    -1035.322507        0.206295
FIRE:   30 00:57:33    -1035.355369        0.269586
FIRE:   31 00:57:34    -1035.415175        0.205460
FIRE:   32 00:57:35    -1035.490089        0.221240
FIRE:   33 00:57:37    -1035.568998        0.196714
FIRE:   34 00:57:38    -1035.627153        0.259857
FIRE:   35 00:57:39    -1035.640617        0.161692
FIRE:   36 00:57:40    -1035.650437        0.083307
      Step     Time          Energy          fmax
FIRE:    0 00:57:42    -1031.741620        3.362738
FIRE:    1 00:57:43    -1034.463122        1.160088
FIRE:    2 00:57:45    -1034.799433        1.228235
FIRE:    3 00:57:46    -1034.956617        1.069988
FIRE:    4 00:57:47    -1035.186860        0.771827
FIRE:    5 00:57:48    -1035.372409        0.506982
FIRE:    6 00:57:50    -1035.447555        0.534894
FIRE:    7 00:57:51    -1035.462495        0.807972
FIRE:    8 00:57:52    -1035.477803        0.770688
FIRE:    9 00:57:53    -1035.505976        0.699236
FIRE:   10 00:57:55    -1035.542734        0.599317
FIRE:   11 00:57:56    -1035.582812        0.480789
